 DADOS DE ENTRADA

 numeros de nos          :    9

 coordenadas nodais
        no       x         y
         1      0.00      0.00
         2      2.50      4.34
         3      5.00      0.00
         4      7.50      4.34
         5     10.00      0.00
         6     12.50      4.34
         7     15.00      0.00
         8     17.50      4.34
         9     20.00      0.00

 numero de elementos     :   15

  conectividade dos elementos e propriedades
elemento   no inicial  no final     material
         1         1         2         1
         2         1         3         2
         3         2         3         1
         4         2         4         1
         5         3         4         1
         6         3         5         2
         7         4         5         2
         8         4         6         1
         9         5         6         2
        10         5         7         2
        11         6         7         1
        12         6         8         1
        13         7         8         1
        14         7         9         2
        15         8         9         1

 numero de materiais     :    2

         1  200000000000.00000             0.00300
         2  200000000000.00000             0.00050

 numero de nos carregados:    4

cargas nodais
       no       px        py
         2      0.00-100000.00
         4      0.00-100000.00
         6      0.00-100000.00
         8      0.00-200000.00


 numero de nos suportados:    4


  dados das condicoes de contorno
                       status              valores prescritos
                (1:prescrito, 0:livre)
       no          u         v                u         v
         1         1         1              0.0000    0.0000
         3         0         1              0.0000    0.0000
         7         0         1              0.0000    0.0000
         9         0         1              0.0000    0.0000


 RESULTADOS

 deslocamentos nodais

        no            u              v
         1        0.000000E+00        0.000000E+00
         2        0.900629E-03       -0.664866E-03
         3        0.378422E-03        0.000000E+00
         4        0.125452E-02       -0.158446E-02
         5        0.105248E-02       -0.150910E-02
         6        0.115598E-02       -0.137699E-02
         7        0.156096E-02        0.000000E+00
         8        0.156506E-02       -0.158782E-02
         9        0.321390E-02        0.000000E+00

 reacoes nodais

        no          Px             Py
         1        -0.0000     13138.7965
         2        -0.0000   -100000.0000
         3        -0.0000    183986.8173
         4        -0.0000   -100000.0000
         5        -0.0000        -0.0000
         6         0.0000   -100000.0000
         7         0.0000    245484.3621
         8         0.0000   -200000.0000
         9         0.0000     57390.0241

 forca nos membros

      elemento        forca axial
         1    -15162.7545
         2      7568.4312
         3   -100241.6853
         4     42466.8243
         5   -112087.2705
         6     13481.1099
         7     -3317.1693
         8    -11825.3575
         9      3317.1693
        10     10169.6051
        11   -118721.6090
        12     49089.8340
        13   -164578.2437
        14     33058.7696
        15    -66230.6358
